[templates.hibotheme.com/adma/default/index.html]
[backblue.gif]
[fade.gif]
[index.html]
[templates.hibotheme.com/adma/default/assets/css/bootstrap.min.css]
[templates.hibotheme.com/adma/default/assets/css/swiper-bundle.min.css]
[templates.hibotheme.com/adma/default/assets/css/scrollCue.css]
[templates.hibotheme.com/adma/default/assets/css/remixicon.css]
[templates.hibotheme.com/adma/default/assets/css/flaticon.css]
[templates.hibotheme.com/adma/default/assets/css/style.css]
[templates.hibotheme.com/adma/default/assets/css/responsive.css]
[templates.hibotheme.com/adma/default/assets/img/favicon.png]
[templates.hibotheme.com/adma/default/faculty.html]
[templates.hibotheme.com/adma/default/university-life.html]
[templates.hibotheme.com/adma/default/login.html]
[templates.hibotheme.com/adma/default/register.html]
[templates.hibotheme.com/adma/default/assets/img/black-logo.png]
[templates.hibotheme.com/adma/default/index-2.html]
[templates.hibotheme.com/adma/default/index-3.html]
[templates.hibotheme.com/adma/default/university-overview.html]
[templates.hibotheme.com/adma/default/blog-style-one.html]
[templates.hibotheme.com/adma/default/blog-style-two.html]
[templates.hibotheme.com/adma/default/blog-details.html]
[templates.hibotheme.com/adma/default/application.html]
[templates.hibotheme.com/adma/default/guidance-support.html]
[templates.hibotheme.com/adma/default/privacy-policy.html]
[templates.hibotheme.com/adma/default/terms-conditions.html]
[templates.hibotheme.com/adma/default/apply.html]
[templates.hibotheme.com/adma/default/tuition-fees.html]
[templates.hibotheme.com/adma/default/programs.html]
[templates.hibotheme.com/adma/default/program-details.html]
[templates.hibotheme.com/adma/default/events.html]
[templates.hibotheme.com/adma/default/event-details.html]
[templates.hibotheme.com/adma/default/fitness-athletics.html]
[templates.hibotheme.com/adma/default/contact.html]
[templates.hibotheme.com/adma/default/assets/img/white-logo.png]
[templates.hibotheme.com/adma/default/assets/img/hero/hero-1.jpg]
[templates.hibotheme.com/adma/default/assets/img/about/about-1.jpg]
[templates.hibotheme.com/adma/default/assets/img/title-shape.svg]
[templates.hibotheme.com/adma/default/assets/img/graduets/graduets-1.jpg]
[templates.hibotheme.com/adma/default/assets/img/graduets/graduets-2.jpg]
[templates.hibotheme.com/adma/default/assets/img/graduets/graduets-3.jpg]
[templates.hibotheme.com/adma/default/assets/img/graduets/graduets-4.jpg]
[templates.hibotheme.com/adma/default/assets/img/graduets/graduets-5.svg]
[templates.hibotheme.com/adma/default/assets/img/graduets/graduets-9.jpg]
[templates.hibotheme.com/adma/default/assets/img/graduets/graduets-8.jpg]
[templates.hibotheme.com/adma/default/assets/img/graduets/graduets-10.jpg]
[templates.hibotheme.com/adma/default/assets/img/graduets/graduets-6.jpg]
[templates.hibotheme.com/adma/default/assets/img/graduets/graduets-13.jpg]
[templates.hibotheme.com/adma/default/assets/img/graduets/graduets-11.jpg]
[templates.hibotheme.com/adma/default/assets/img/graduets/graduets-12.jpg]
[templates.hibotheme.com/adma/default/assets/img/graduets/graduets-7.jpg]
[templates.hibotheme.com/adma/default/assets/img/apply/apply-1.jpg]
[templates.hibotheme.com/adma/default/assets/img/events/events-1.jpg]
[templates.hibotheme.com/adma/default/assets/img/events/events-2.jpg]
[templates.hibotheme.com/adma/default/assets/img/events/events-3.jpg]
[templates.hibotheme.com/adma/default/assets/img/facilities/facilities-1.jpg]
[templates.hibotheme.com/adma/default/assets/img/testimonial/testimonial-1.jpg]
[templates.hibotheme.com/adma/default/assets/img/testimonial/testimonial-3.jpg]
[templates.hibotheme.com/adma/default/assets/img/testimonial/testimonial-4.jpg]
[templates.hibotheme.com/adma/default/assets/img/testimonial/testimonial-2.jpg]
[templates.hibotheme.com/adma/default/assets/img/testimonial/testimonial-6.jpg]
[templates.hibotheme.com/adma/default/assets/img/testimonial/testimonial-5.jpg]
[templates.hibotheme.com/adma/default/assets/img/partner/partner-1.png]
[templates.hibotheme.com/adma/default/assets/img/partner/partner-2.png]
[templates.hibotheme.com/adma/default/assets/img/partner/partner-3.png]
[templates.hibotheme.com/adma/default/assets/img/partner/partner-4.png]
[templates.hibotheme.com/adma/default/assets/img/partner/partner-5.png]
[templates.hibotheme.com/adma/default/assets/img/subscribe/subscribe-1.jpg]
[templates.hibotheme.com/adma/default/assets/img/footer/footer-1.svg]
[templates.hibotheme.com/adma/default/assets/img/footer/footer-2.svg]
[templates.hibotheme.com/cdn-cgi/scripts/5c5dd728/cloudflare-static/email-decode.min.js]
[templates.hibotheme.com/adma/default/assets/js/bootstrap.bundle.min.js]
[templates.hibotheme.com/adma/default/assets/js/fslightbox.js]
[templates.hibotheme.com/adma/default/assets/js/swiper-bundle.min.js]
[templates.hibotheme.com/adma/default/assets/js/scrollCue.min.js]
[templates.hibotheme.com/adma/default/index.html]
[templates.hibotheme.com/adma/default/assets/css/bootstrap.min.css]
[templates.hibotheme.com/adma/default/assets/css/swiper-bundle.min.css]
[templates.hibotheme.com/adma/default/assets/css/scrollCue.css]
[templates.hibotheme.com/adma/default/assets/js/custom.js]
[templates.hibotheme.com/adma/default/assets/fonts/remixicon117c.woff2]
[templates.hibotheme.com/adma/default/assets/fonts/remixicon117c.woff]
[templates.hibotheme.com/adma/default/assets/fonts/remixicon117c.ttf]
[templates.hibotheme.com/adma/default/assets/fonts/remixicon117c.eot]
[templates.hibotheme.com/adma/default/assets/css/remixicon.css]
[templates.hibotheme.com/adma/default/assets/fonts/flaticonbbdb.ttf]
[templates.hibotheme.com/adma/default/assets/fonts/flaticonbbdb.woff]
[templates.hibotheme.com/adma/default/assets/fonts/remixicon117c.svg]
[templates.hibotheme.com/adma/default/assets/fonts/flaticonbbdb.woff2]
[templates.hibotheme.com/adma/default/assets/fonts/flaticonbbdb.eot]
[templates.hibotheme.com/adma/default/assets/css/flaticon.css]
[templates.hibotheme.com/adma/default/assets/img/bg/bg-1.jpg]
[templates.hibotheme.com/adma/default/assets/img/bg/bg-2.jpg]
[templates.hibotheme.com/adma/default/assets/fonts/flaticonbbdb.svg]
[templates.hibotheme.com/adma/default/assets/img/bg/bg-3.jpg]
[templates.hibotheme.com/adma/default/assets/css/style.css]
[templates.hibotheme.com/adma/default/assets/css/responsive.css]
[templates.hibotheme.com/adma/default/assets/img/pages/pages-11.jpg]
[templates.hibotheme.com/adma/default/assets/img/shape/shape-7.png]
[templates.hibotheme.com/adma/default/assets/img/faculty/faculty-1.jpg]
[templates.hibotheme.com/adma/default/assets/img/faculty/faculty-2.jpg]
[templates.hibotheme.com/adma/default/assets/img/faculty/faculty-3.jpg]
[templates.hibotheme.com/adma/default/assets/img/faculty/faculty-4.jpg]
[templates.hibotheme.com/adma/default/assets/img/faculty/faculty-5.jpg]
[templates.hibotheme.com/adma/default/assets/img/faculty/faculty-6.jpg]
[templates.hibotheme.com/adma/default/faculty.html]
[templates.hibotheme.com/adma/default/assets/img/pages/pages-3.jpg]
[templates.hibotheme.com/adma/default/assets/img/pages/pages-27.jpg]
[templates.hibotheme.com/adma/default/assets/img/pages/pages-28.jpg]
[templates.hibotheme.com/adma/default/assets/img/pages/pages-29.jpg]
[templates.hibotheme.com/adma/default/university-life.html]
[templates.hibotheme.com/adma/default/assets/img/pages/pages-10.jpg]
[templates.hibotheme.com/adma/default/login.html]
[templates.hibotheme.com/adma/default/register.html]
[templates.hibotheme.com/adma/default/assets/img/overview/overview-1.jpg]
[templates.hibotheme.com/adma/default/assets/img/overview/overview-2.jpg]
[templates.hibotheme.com/adma/default/assets/img/overview/overview-3.svg]
[templates.hibotheme.com/adma/default/assets/img/programs/programs-1.jpg]
[templates.hibotheme.com/adma/default/assets/img/programs/programs-2.jpg]
[templates.hibotheme.com/adma/default/assets/img/programs/programs-3.jpg]
[templates.hibotheme.com/adma/default/assets/img/facilities/facilities-2.jpg]
[templates.hibotheme.com/adma/default/assets/img/apply/apply-2.jpg]
[templates.hibotheme.com/adma/default/assets/img/apply/apply-3.jpg]
[templates.hibotheme.com/adma/default/assets/img/upcoming/upcoming-1.jpg]
[templates.hibotheme.com/adma/default/assets/img/upcoming/upcoming-2.jpg]
[templates.hibotheme.com/adma/default/assets/img/upcoming/upcoming-3.jpg]
[templates.hibotheme.com/adma/default/assets/img/upcoming/upcoming-4.jpg]
[templates.hibotheme.com/adma/default/assets/img/shape/shape-1.png]
[templates.hibotheme.com/adma/default/assets/img/shape/shape-2.png]
[templates.hibotheme.com/adma/default/assets/img/blog/blog-1.jpg]
[templates.hibotheme.com/adma/default/author.html]
[templates.hibotheme.com/adma/default/assets/img/blog/blog-2.jpg]
[templates.hibotheme.com/adma/default/assets/img/blog/blog-3.jpg]
[templates.hibotheme.com/adma/default/assets/img/admission/admission-1.jpg]
[templates.hibotheme.com/adma/default/assets/img/admission/admission-2.jpg]
[templates.hibotheme.com/adma/default/index-2.html]
[templates.hibotheme.com/adma/default/assets/img/hero/banner-wrap-1.png]
[templates.hibotheme.com/adma/default/assets/img/hero/banner-wrap-city.png]
[templates.hibotheme.com/adma/default/assets/img/hero/banner-wrap-city-2.png]
[templates.hibotheme.com/adma/default/assets/img/hero/hero-user-1.jpg]
[templates.hibotheme.com/adma/default/assets/img/hero/hero-user-2.jpg]
[templates.hibotheme.com/adma/default/assets/img/hero/hero-user-3.jpg]
[templates.hibotheme.com/adma/default/assets/img/hero/hero-user-4.jpg]
[templates.hibotheme.com/adma/default/assets/img/hero/banner-wrap-city-3.png]
[templates.hibotheme.com/adma/default/assets/img/about/about-2.jpg]
[templates.hibotheme.com/adma/default/assets/img/shape/shape-3.png]
[templates.hibotheme.com/adma/default/assets/img/shape/shape-4.png]
[templates.hibotheme.com/adma/default/assets/img/video/video-1.jpg]
[templates.hibotheme.com/adma/default/assets/img/student/student-1.png]
[templates.hibotheme.com/adma/default/assets/img/choose/choose-1.png]
[templates.hibotheme.com/adma/default/assets/img/facilities/facilities-3.png]
[templates.hibotheme.com/adma/default/assets/img/facilities/facilities-4.png]
[templates.hibotheme.com/adma/default/assets/img/shape/shape-5.png]
[templates.hibotheme.com/adma/default/index-3.html]
[templates.hibotheme.com/adma/default/assets/img/pages/pages-1.jpg]
[templates.hibotheme.com/adma/default/assets/img/facilities/facilities-5.png]
[templates.hibotheme.com/adma/default/university-overview.html]
[templates.hibotheme.com/adma/default/assets/img/pages/pages-2.jpg]
[templates.hibotheme.com/adma/default/assets/img/blog/blog-6.jpg]
[templates.hibotheme.com/adma/default/assets/img/blog/blog-7.jpg]
[templates.hibotheme.com/adma/default/assets/img/blog/blog-4.jpg]
[templates.hibotheme.com/adma/default/assets/img/blog/blog-5.jpg]
[templates.hibotheme.com/adma/default/assets/img/pages/pages-12.jpg]
[templates.hibotheme.com/adma/default/assets/img/pages/pages-13.jpg]
[templates.hibotheme.com/adma/default/assets/img/pages/pages-14.jpg]
[templates.hibotheme.com/adma/default/categorie.html]
[templates.hibotheme.com/adma/default/assets/img/pages/pages-15.jpg]
[templates.hibotheme.com/adma/default/assets/img/pages/pages-16.jpg]
[templates.hibotheme.com/adma/default/assets/img/pages/pages-17.jpg]
[templates.hibotheme.com/adma/default/assets/img/pages/pages-18.jpg]
[templates.hibotheme.com/adma/default/assets/img/pages/pages-19.jpg]
[templates.hibotheme.com/adma/default/assets/img/pages/pages-20.jpg]
[templates.hibotheme.com/adma/default/assets/img/pages/pages-21.jpg]
[templates.hibotheme.com/adma/default/assets/img/pages/pages-22.jpg]
[templates.hibotheme.com/adma/default/blog-style-one.html]
[templates.hibotheme.com/adma/default/tag.html]
[templates.hibotheme.com/adma/default/assets/img/blog/blog-8.jpg]
[templates.hibotheme.com/adma/default/assets/img/blog/blog-9.jpg]
[templates.hibotheme.com/adma/default/assets/img/blog/blog-10.jpg]
[templates.hibotheme.com/adma/default/blog-style-two.html]
[templates.hibotheme.com/adma/default/assets/img/pages/pages-23.jpg]
[templates.hibotheme.com/adma/default/assets/img/pages/pages-24.jpg]
[templates.hibotheme.com/adma/default/assets/img/pages/pages-25.jpg]
[templates.hibotheme.com/adma/default/assets/img/pages/pages-26.jpg]
[templates.hibotheme.com/adma/default/blog-details.html]
[templates.hibotheme.com/adma/default/application.html]
[templates.hibotheme.com/adma/default/assets/img/pages/pages-6.jpg]
[templates.hibotheme.com/adma/default/assets/img/pages/pages-30.jpg]
[templates.hibotheme.com/adma/default/guidance-support.html]
[templates.hibotheme.com/adma/default/privacy-policy.html]
[templates.hibotheme.com/adma/default/terms-conditions.html]
[templates.hibotheme.com/adma/default/assets/img/pages/pages-4.jpg]
[templates.hibotheme.com/adma/default/apply.html]
[templates.hibotheme.com/adma/default/assets/img/pages/pages-7.jpg]
[templates.hibotheme.com/adma/default/tuition-fees.html]
[templates.hibotheme.com/adma/default/assets/img/programs/programs-4.jpg]
[templates.hibotheme.com/adma/default/assets/img/programs/programs-5.jpg]
[templates.hibotheme.com/adma/default/assets/img/programs/programs-6.jpg]
[templates.hibotheme.com/adma/default/assets/img/programs/programs-7.jpg]
[templates.hibotheme.com/adma/default/assets/img/programs/programs-8.jpg]
[templates.hibotheme.com/adma/default/assets/img/programs/programs-9.jpg]
[templates.hibotheme.com/adma/default/programs.html]
[templates.hibotheme.com/adma/default/assets/img/pages/pages-8.jpg]
[templates.hibotheme.com/adma/default/assets/img/pages/pages-31.jpg]
[templates.hibotheme.com/adma/default/assets/img/pages/pages-32.jpg]
[templates.hibotheme.com/adma/default/assets/img/pages/pages-33.jpg]
[templates.hibotheme.com/adma/default/assets/img/pages/pages-34.jpg]
[templates.hibotheme.com/adma/default/assets/img/pages/pages-35.jpg]
[templates.hibotheme.com/adma/default/program-details.html]
[templates.hibotheme.com/adma/default/assets/img/events/events-4.jpg]
[templates.hibotheme.com/adma/default/assets/img/events/events-5.jpg]
[templates.hibotheme.com/adma/default/assets/img/events/events-6.jpg]
[templates.hibotheme.com/adma/default/assets/img/events/events-7.jpg]
[templates.hibotheme.com/adma/default/assets/img/events/events-8.jpg]
[templates.hibotheme.com/adma/default/assets/img/events/events-9.jpg]
[templates.hibotheme.com/adma/default/events.html]
[templates.hibotheme.com/adma/default/assets/img/pages/pages-9.jpg]
[templates.hibotheme.com/adma/default/assets/img/pages/pages-36.jpg]
[templates.hibotheme.com/adma/default/assets/img/pages/pages-37.jpg]
[templates.hibotheme.com/adma/default/assets/img/pages/pages-38.jpg]
[templates.hibotheme.com/adma/default/assets/img/pages/pages-39.jpg]
[templates.hibotheme.com/adma/default/event-details.html]
[templates.hibotheme.com/adma/default/assets/img/pages/pages-5.jpg]
[templates.hibotheme.com/adma/default/assets/img/fitness/fitness-1.jpg]
[templates.hibotheme.com/adma/default/assets/img/fitness/fitness-2.jpg]
[templates.hibotheme.com/adma/default/fitness-athletics.html]
[templates.hibotheme.com/adma/default/contact.html]
[templates.hibotheme.com/adma/default/assets/img/title-shape.svg]
[templates.hibotheme.com/adma/default/assets/img/graduets/graduets-5.svg]
[templates.hibotheme.com/adma/default/assets/img/footer/footer-1.svg]
[templates.hibotheme.com/adma/default/assets/img/footer/footer-2.svg]
[templates.hibotheme.com/adma/default/assets/fonts/remixicon117c.svg]
[templates.hibotheme.com/adma/default/assets/fonts/flaticonbbdb.svg]
[templates.hibotheme.com/adma/default/assets/img/overview/overview-3.svg]
[templates.hibotheme.com/adma/default/author.html]
[templates.hibotheme.com/adma/default/categorie.html]
[templates.hibotheme.com/adma/default/tag.html]
